*** EVALUATION ***
PROGRAM "LabMicros_MotoraPasos.abs"

*********************************************************************************************
TARGET SECTION
---------------------------------------------------------------------------------------------
Processor   : Freescale HC08
Memory Model: SMALL
File Format : ELF\DWARF 2.0
Linker      : SmartLinker V-5.0.51 Build 14019, Jan 20 2014

*********************************************************************************************
FILE SECTION
---------------------------------------------------------------------------------------------
main_c.obj                              Model: SMALL,         Lang: ANSI-C
Speed_Manager_c.obj                     Model: SMALL,         Lang: ANSI-C
Stepper_Manager_c.obj                   Model: SMALL,         Lang: ANSI-C
ADC_c.obj                               Model: SMALL,         Lang: ANSI-C
MTIM_c.obj                              Model: SMALL,         Lang: ANSI-C
start08_c.obj                           Model: SMALL,         Lang: ANSI-C
mc9s08qg8_c.obj                         Model: SMALL,         Lang: ANSI-C
rtshc08.o (ansiis.lib)                  Model: SMALL,         Lang: ANSI-C

*********************************************************************************************
STARTUP SECTION
---------------------------------------------------------------------------------------------
Entry point: 0xE07B (_Startup)
_startupData is allocated at 0xE084 and uses 6 Bytes
extern struct _tagStartup {
  unsigned nofZeroOut     1
  _Range   pZeroOut       0x100     18
  _Copy    *toCopyDownBeg 0xE287
} _startupData;

*********************************************************************************************
SECTION-ALLOCATION SECTION
Section Name                    Size  Type     From       To       Segment
---------------------------------------------------------------------------------------------
.data                              8   R/W      0x100      0x107   RAM
.init                            132     R     0xE000     0xE083   ROM
.startData                        14     R     0xE084     0xE091   ROM
.text                            501     R     0xE092     0xE286   ROM
.copy                             14     R     0xE287     0xE294   ROM
.abs_section_0                     1   N/I        0x0        0x0   .absSeg0
.abs_section_1                     1   N/I        0x1        0x1   .absSeg1
.abs_section_2                     1   N/I        0x2        0x2   .absSeg2
.abs_section_3                     1   N/I        0x3        0x3   .absSeg3
.abs_section_c                     1   N/I        0xC        0xC   .absSeg4
.abs_section_d                     1   N/I        0xD        0xD   .absSeg5
.abs_section_e                     1   N/I        0xE        0xE   .absSeg6
.abs_section_f                     1   N/I        0xF        0xF   .absSeg7
.abs_section_10                    1   N/I       0x10       0x10   .absSeg8
.abs_section_11                    1   N/I       0x11       0x11   .absSeg9
.abs_section_16                    1   N/I       0x16       0x16   .absSeg10
.abs_section_17                    1   N/I       0x17       0x17   .absSeg11
.abs_section_1a                    1   N/I       0x1A       0x1A   .absSeg12
.abs_section_22                    1   N/I       0x22       0x22   .absSeg13
.abs_section_23                    1   N/I       0x23       0x23   .absSeg14
.abs_section_24                    1   N/I       0x24       0x24   .absSeg15
.abs_section_25                    1   N/I       0x25       0x25   .absSeg16
.abs_section_26                    1   N/I       0x26       0x26   .absSeg17
.abs_section_27                    1   N/I       0x27       0x27   .absSeg18
.abs_section_28                    1   N/I       0x28       0x28   .absSeg19
.abs_section_29                    1   N/I       0x29       0x29   .absSeg20
.abs_section_2a                    1   N/I       0x2A       0x2A   .absSeg21
.abs_section_2b                    1   N/I       0x2B       0x2B   .absSeg22
.abs_section_2d                    1   N/I       0x2D       0x2D   .absSeg23
.abs_section_30                    1   N/I       0x30       0x30   .absSeg24
.abs_section_31                    1   N/I       0x31       0x31   .absSeg25
.abs_section_32                    1   N/I       0x32       0x32   .absSeg26
.abs_section_33                    1   N/I       0x33       0x33   .absSeg27
.abs_section_34                    1   N/I       0x34       0x34   .absSeg28
.abs_section_38                    1   N/I       0x38       0x38   .absSeg29
.abs_section_39                    1   N/I       0x39       0x39   .absSeg30
.abs_section_3a                    1   N/I       0x3A       0x3A   .absSeg31
.abs_section_3b                    1   N/I       0x3B       0x3B   .absSeg32
.abs_section_3c                    1   N/I       0x3C       0x3C   .absSeg33
.abs_section_3d                    1   N/I       0x3D       0x3D   .absSeg34
.abs_section_3e                    1   N/I       0x3E       0x3E   .absSeg35
.abs_section_3f                    1   N/I       0x3F       0x3F   .absSeg36
.abs_section_40                    1   N/I       0x40       0x40   .absSeg37
.abs_section_45                    1   N/I       0x45       0x45   .absSeg38
.abs_section_48                    1   N/I       0x48       0x48   .absSeg39
.abs_section_1800                  1   N/I     0x1800     0x1800   .absSeg40
.abs_section_1801                  1   N/I     0x1801     0x1801   .absSeg41
.abs_section_1802                  1   N/I     0x1802     0x1802   .absSeg42
.abs_section_1803                  1   N/I     0x1803     0x1803   .absSeg43
.abs_section_1808                  1   N/I     0x1808     0x1808   .absSeg44
.abs_section_1809                  1   N/I     0x1809     0x1809   .absSeg45
.abs_section_180a                  1   N/I     0x180A     0x180A   .absSeg46
.abs_section_180c                  1   N/I     0x180C     0x180C   .absSeg47
.abs_section_1816                  1   N/I     0x1816     0x1816   .absSeg48
.abs_section_1817                  1   N/I     0x1817     0x1817   .absSeg49
.abs_section_1818                  1   N/I     0x1818     0x1818   .absSeg50
.abs_section_1820                  1   N/I     0x1820     0x1820   .absSeg51
.abs_section_1821                  1   N/I     0x1821     0x1821   .absSeg52
.abs_section_1823                  1   N/I     0x1823     0x1823   .absSeg53
.abs_section_1824                  1   N/I     0x1824     0x1824   .absSeg54
.abs_section_1825                  1   N/I     0x1825     0x1825   .absSeg55
.abs_section_1826                  1   N/I     0x1826     0x1826   .absSeg56
.abs_section_1840                  1   N/I     0x1840     0x1840   .absSeg57
.abs_section_1841                  1   N/I     0x1841     0x1841   .absSeg58
.abs_section_1842                  1   N/I     0x1842     0x1842   .absSeg59
.abs_section_1844                  1   N/I     0x1844     0x1844   .absSeg60
.abs_section_1845                  1   N/I     0x1845     0x1845   .absSeg61
.abs_section_1846                  1   N/I     0x1846     0x1846   .absSeg62
.abs_section_12                    2   N/I       0x12       0x13   .absSeg63
.abs_section_14                    2   N/I       0x14       0x15   .absSeg64
.abs_section_20                    2   N/I       0x20       0x21   .absSeg65
.abs_section_41                    2   N/I       0x41       0x42   .absSeg66
.abs_section_43                    2   N/I       0x43       0x44   .absSeg67
.abs_section_46                    2   N/I       0x46       0x47   .absSeg68
.abs_section_49                    2   N/I       0x49       0x4A   .absSeg69
.abs_section_1806                  2   N/I     0x1806     0x1807   .absSeg70
.abs_section_1810                  2   N/I     0x1810     0x1811   .absSeg71
.abs_section_1812                  2   N/I     0x1812     0x1813   .absSeg72
.abs_section_1814                  2   N/I     0x1814     0x1815   .absSeg73
.bss                              10   R/W      0x108      0x111   RAM
.stack                            64   R/W      0x112      0x151   RAM
.vectSeg74_vect                    2     R     0xFFFE     0xFFFF   .vectSeg74

Summary of section sizes per section type:
READ_ONLY (R):         297 (dec:      663)
READ_WRITE (R/W):       52 (dec:       82)
NO_INIT (N/I):          55 (dec:       85)

*********************************************************************************************
VECTOR-ALLOCATION SECTION
    Address     InitValue   InitFunction
---------------------------------------------------------------------------------------------
     0xFFFE        0xE07B   _Startup

*********************************************************************************************
OBJECT-ALLOCATION SECTION
     Name               Module                 Addr   hSize   dSize     Ref    Section   RLIB
---------------------------------------------------------------------------------------------
MODULE:                 -- main_c.obj --
- PROCEDURES:
     main                                      E092      23      35       1   .text       
- VARIABLES:
MODULE:                 -- Speed_Manager_c.obj --
- PROCEDURES:
     Motor_Speed                               E0B5      28      40       1   .text       
- VARIABLES:
     Valor_voltaje                              108       1       1       1   .bss        
     calculo_tiempo_us                          109       2       2       1   .bss        
     tiempo_us                                  10B       2       2       1   .bss        
MODULE:                 -- Stepper_Manager_c.obj --
- PROCEDURES:
     Set_Pins_Out                              E0DD       4       4       1   .text       
     forward                                   E0E1      19      25       1   .text       
     reverse                                   E0FA      18      24       1   .text       
- VARIABLES:
     StepValues                                 100       8       8       2   .data       
     i                                          10D       1       1       8   .bss        
MODULE:                 -- ADC_c.obj --
- PROCEDURES:
     Analog_Read                               E112       E      14       1   .text       
     ADC_Init                                  E120       9       9       1   .text       
- VARIABLES:
MODULE:                 -- MTIM_c.obj --
- PROCEDURES:
     delay_us_MTIM                             E129      2F      47       1   .text       
- VARIABLES:
     cuentatiempolocal                          10E       4       4       3   .bss        
MODULE:                 -- start08_c.obj --
- PROCEDURES:
     loadByte                                  E000       E      14       5   .init       
     Init                                      E00E      6D     109       1   .init       
     _Startup                                  E07B       9       9       0   .init       
- VARIABLES:
     _startupData                              E084       6       6       4   .startData  
- LABELS:
     __SEG_END_SSTACK                           152       0       0       1               
MODULE:                 -- mc9s08qg8_c.obj --
- PROCEDURES:
- VARIABLES:
     _PTAD                                        0       1       1       1   .abs_section_0
     _PTADD                                       1       1       1       1   .abs_section_1
     _PTBD                                        2       1       1       2   .abs_section_2
     _PTBDD                                       3       1       1       1   .abs_section_3
     _KBISC                                       C       1       1       0   .abs_section_c
     _KBIPE                                       D       1       1       0   .abs_section_d
     _KBIES                                       E       1       1       0   .abs_section_e
     _IRQSC                                       F       1       1       0   .abs_section_f
     _ADCSC1                                     10       1       1       2   .abs_section_10
     _ADCSC2                                     11       1       1       1   .abs_section_11
     _ADCCFG                                     16       1       1       1   .abs_section_16
     _APCTL1                                     17       1       1       1   .abs_section_17
     _ACMPSC                                     1A       1       1       0   .abs_section_1a
     _SCIC1                                      22       1       1       0   .abs_section_22
     _SCIC2                                      23       1       1       0   .abs_section_23
     _SCIS1                                      24       1       1       0   .abs_section_24
     _SCIS2                                      25       1       1       0   .abs_section_25
     _SCIC3                                      26       1       1       0   .abs_section_26
     _SCID                                       27       1       1       0   .abs_section_27
     _SPIC1                                      28       1       1       0   .abs_section_28
     _SPIC2                                      29       1       1       0   .abs_section_29
     _SPIBR                                      2A       1       1       0   .abs_section_2a
     _SPIS                                       2B       1       1       0   .abs_section_2b
     _SPID                                       2D       1       1       0   .abs_section_2d
     _IICA                                       30       1       1       0   .abs_section_30
     _IICF                                       31       1       1       0   .abs_section_31
     _IICC                                       32       1       1       0   .abs_section_32
     _IICS                                       33       1       1       0   .abs_section_33
     _IICD                                       34       1       1       0   .abs_section_34
     _ICSC1                                      38       1       1       0   .abs_section_38
     _ICSC2                                      39       1       1       0   .abs_section_39
     _ICSTRM                                     3A       1       1       0   .abs_section_3a
     _ICSSC                                      3B       1       1       0   .abs_section_3b
     _MTIMSC                                     3C       1       1       3   .abs_section_3c
     _MTIMCLK                                    3D       1       1       1   .abs_section_3d
     _MTIMCNT                                    3E       1       1       0   .abs_section_3e
     _MTIMMOD                                    3F       1       1       1   .abs_section_3f
     _TPMSC                                      40       1       1       0   .abs_section_40
     _TPMC0SC                                    45       1       1       0   .abs_section_45
     _TPMC1SC                                    48       1       1       0   .abs_section_48
     _SRS                                      1800       1       1       4   .abs_section_1800
     _SBDFR                                    1801       1       1       0   .abs_section_1801
     _SOPT1                                    1802       1       1       0   .abs_section_1802
     _SOPT2                                    1803       1       1       0   .abs_section_1803
     _SRTISC                                   1808       1       1       0   .abs_section_1808
     _SPMSC1                                   1809       1       1       0   .abs_section_1809
     _SPMSC2                                   180A       1       1       0   .abs_section_180a
     _SPMSC3                                   180C       1       1       0   .abs_section_180c
     _DBGC                                     1816       1       1       0   .abs_section_1816
     _DBGT                                     1817       1       1       0   .abs_section_1817
     _DBGS                                     1818       1       1       0   .abs_section_1818
     _FCDIV                                    1820       1       1       0   .abs_section_1820
     _FOPT                                     1821       1       1       0   .abs_section_1821
     _FCNFG                                    1823       1       1       0   .abs_section_1823
     _FPROT                                    1824       1       1       0   .abs_section_1824
     _FSTAT                                    1825       1       1       0   .abs_section_1825
     _FCMD                                     1826       1       1       0   .abs_section_1826
     _PTAPE                                    1840       1       1       1   .abs_section_1840
     _PTASE                                    1841       1       1       0   .abs_section_1841
     _PTADS                                    1842       1       1       0   .abs_section_1842
     _PTBPE                                    1844       1       1       0   .abs_section_1844
     _PTBSE                                    1845       1       1       0   .abs_section_1845
     _PTBDS                                    1846       1       1       0   .abs_section_1846
     _ADCR                                       12       2       2       1   .abs_section_12
     _ADCCV                                      14       2       2       0   .abs_section_14
     _SCIBD                                      20       2       2       0   .abs_section_20
     _TPMCNT                                     41       2       2       0   .abs_section_41
     _TPMMOD                                     43       2       2       0   .abs_section_43
     _TPMC0V                                     46       2       2       0   .abs_section_46
     _TPMC1V                                     49       2       2       0   .abs_section_49
     _SDID                                     1806       2       2       0   .abs_section_1806
     _DBGCA                                    1810       2       2       0   .abs_section_1810
     _DBGCB                                    1812       2       2       0   .abs_section_1812
     _DBGF                                     1814       2       2       0   .abs_section_1814
MODULE:                 -- rtshc08.o (ansiis.lib) --
- PROCEDURES:
     _PUSH_ARGS_L                              E158      20      32       1   .text       
     _ENTER_UNARY_L                            E178      29      41       1   .text       
     _ENTER_BINARY_L_RC                        E1A1      19      25       1   .text       
     _IDIVMOD                                  E1BA      69     105       1   .text       
     _LCMP_k_rel_j                             E223      1F      31       1   .text       
     _IDIVU_STAR08                             E242       D      13       1   .text       
     _LDEC                                     E24F      1C      28       1   .text       
     _LCMP_RC                                  E26B       6       6       1   .text       
     _STORE32                                  E271      16      22       1   .text       
- VARIABLES:

*********************************************************************************************
MODULE STATISTIC
  Name                                      Data   Code  Const
---------------------------------------------------------------------------------------------
  main_c.obj                                   0     35      0
  Speed_Manager_c.obj                          5     40      0
  Stepper_Manager_c.obj                        9     53      0
  ADC_c.obj                                    0     23      0
  MTIM_c.obj                                   4     47      0
  start08_c.obj                                0    132      0
  mc9s08qg8_c.obj                             85      0      0
  rtshc08.o (ansiis.lib)                       0    303      0
  other                                       64     16     14

*********************************************************************************************
SECTION USE IN OBJECT-ALLOCATION SECTION
---------------------------------------------------------------------------------------------
SECTION: ".text"
  main Motor_Speed Set_Pins_Out forward reverse Analog_Read ADC_Init 
  delay_us_MTIM _PUSH_ARGS_L _ENTER_UNARY_L _ENTER_BINARY_L_RC _IDIVMOD 
  _LCMP_k_rel_j _IDIVU_STAR08 _LDEC _LCMP_RC _STORE32 
SECTION: ".data"
  StepValues 
SECTION: ".bss"
  Valor_voltaje calculo_tiempo_us tiempo_us i cuentatiempolocal 
SECTION: ".init"
  loadByte Init _Startup 
SECTION: ".abs_section_0"
  _PTAD 
SECTION: ".abs_section_1"
  _PTADD 
SECTION: ".abs_section_2"
  _PTBD 
SECTION: ".abs_section_3"
  _PTBDD 
SECTION: ".abs_section_c"
  _KBISC 
SECTION: ".abs_section_d"
  _KBIPE 
SECTION: ".abs_section_e"
  _KBIES 
SECTION: ".abs_section_f"
  _IRQSC 
SECTION: ".abs_section_10"
  _ADCSC1 
SECTION: ".abs_section_11"
  _ADCSC2 
SECTION: ".abs_section_16"
  _ADCCFG 
SECTION: ".abs_section_17"
  _APCTL1 
SECTION: ".abs_section_1a"
  _ACMPSC 
SECTION: ".abs_section_22"
  _SCIC1 
SECTION: ".abs_section_23"
  _SCIC2 
SECTION: ".abs_section_24"
  _SCIS1 
SECTION: ".abs_section_25"
  _SCIS2 
SECTION: ".abs_section_26"
  _SCIC3 
SECTION: ".abs_section_27"
  _SCID 
SECTION: ".abs_section_28"
  _SPIC1 
SECTION: ".abs_section_29"
  _SPIC2 
SECTION: ".abs_section_2a"
  _SPIBR 
SECTION: ".abs_section_2b"
  _SPIS 
SECTION: ".abs_section_2d"
  _SPID 
SECTION: ".abs_section_30"
  _IICA 
SECTION: ".abs_section_31"
  _IICF 
SECTION: ".abs_section_32"
  _IICC 
SECTION: ".abs_section_33"
  _IICS 
SECTION: ".abs_section_34"
  _IICD 
SECTION: ".abs_section_38"
  _ICSC1 
SECTION: ".abs_section_39"
  _ICSC2 
SECTION: ".abs_section_3a"
  _ICSTRM 
SECTION: ".abs_section_3b"
  _ICSSC 
SECTION: ".abs_section_3c"
  _MTIMSC 
SECTION: ".abs_section_3d"
  _MTIMCLK 
SECTION: ".abs_section_3e"
  _MTIMCNT 
SECTION: ".abs_section_3f"
  _MTIMMOD 
SECTION: ".abs_section_40"
  _TPMSC 
SECTION: ".abs_section_45"
  _TPMC0SC 
SECTION: ".abs_section_48"
  _TPMC1SC 
SECTION: ".abs_section_1800"
  _SRS 
SECTION: ".abs_section_1801"
  _SBDFR 
SECTION: ".abs_section_1802"
  _SOPT1 
SECTION: ".abs_section_1803"
  _SOPT2 
SECTION: ".abs_section_1808"
  _SRTISC 
SECTION: ".abs_section_1809"
  _SPMSC1 
SECTION: ".abs_section_180a"
  _SPMSC2 
SECTION: ".abs_section_180c"
  _SPMSC3 
SECTION: ".abs_section_1816"
  _DBGC 
SECTION: ".abs_section_1817"
  _DBGT 
SECTION: ".abs_section_1818"
  _DBGS 
SECTION: ".abs_section_1820"
  _FCDIV 
SECTION: ".abs_section_1821"
  _FOPT 
SECTION: ".abs_section_1823"
  _FCNFG 
SECTION: ".abs_section_1824"
  _FPROT 
SECTION: ".abs_section_1825"
  _FSTAT 
SECTION: ".abs_section_1826"
  _FCMD 
SECTION: ".abs_section_1840"
  _PTAPE 
SECTION: ".abs_section_1841"
  _PTASE 
SECTION: ".abs_section_1842"
  _PTADS 
SECTION: ".abs_section_1844"
  _PTBPE 
SECTION: ".abs_section_1845"
  _PTBSE 
SECTION: ".abs_section_1846"
  _PTBDS 
SECTION: ".abs_section_12"
  _ADCR 
SECTION: ".abs_section_14"
  _ADCCV 
SECTION: ".abs_section_20"
  _SCIBD 
SECTION: ".abs_section_41"
  _TPMCNT 
SECTION: ".abs_section_43"
  _TPMMOD 
SECTION: ".abs_section_46"
  _TPMC0V 
SECTION: ".abs_section_49"
  _TPMC1V 
SECTION: ".abs_section_1806"
  _SDID 
SECTION: ".abs_section_1810"
  _DBGCA 
SECTION: ".abs_section_1812"
  _DBGCB 
SECTION: ".abs_section_1814"
  _DBGF 

*********************************************************************************************
OBJECT LIST SORTED BY ADDRESS
     Name                                      Addr   hSize   dSize     Ref    Section   RLIB
---------------------------------------------------------------------------------------------
     _PTAD                                        0       1       1       1   .abs_section_0
     _PTADD                                       1       1       1       1   .abs_section_1
     _PTBD                                        2       1       1       2   .abs_section_2
     _PTBDD                                       3       1       1       1   .abs_section_3
     _KBISC                                       C       1       1       0   .abs_section_c
     _KBIPE                                       D       1       1       0   .abs_section_d
     _KBIES                                       E       1       1       0   .abs_section_e
     _IRQSC                                       F       1       1       0   .abs_section_f
     _ADCSC1                                     10       1       1       2   .abs_section_10
     _ADCSC2                                     11       1       1       1   .abs_section_11
     _ADCR                                       12       2       2       1   .abs_section_12
     _ADCCV                                      14       2       2       0   .abs_section_14
     _ADCCFG                                     16       1       1       1   .abs_section_16
     _APCTL1                                     17       1       1       1   .abs_section_17
     _ACMPSC                                     1A       1       1       0   .abs_section_1a
     _SCIBD                                      20       2       2       0   .abs_section_20
     _SCIC1                                      22       1       1       0   .abs_section_22
     _SCIC2                                      23       1       1       0   .abs_section_23
     _SCIS1                                      24       1       1       0   .abs_section_24
     _SCIS2                                      25       1       1       0   .abs_section_25
     _SCIC3                                      26       1       1       0   .abs_section_26
     _SCID                                       27       1       1       0   .abs_section_27
     _SPIC1                                      28       1       1       0   .abs_section_28
     _SPIC2                                      29       1       1       0   .abs_section_29
     _SPIBR                                      2A       1       1       0   .abs_section_2a
     _SPIS                                       2B       1       1       0   .abs_section_2b
     _SPID                                       2D       1       1       0   .abs_section_2d
     _IICA                                       30       1       1       0   .abs_section_30
     _IICF                                       31       1       1       0   .abs_section_31
     _IICC                                       32       1       1       0   .abs_section_32
     _IICS                                       33       1       1       0   .abs_section_33
     _IICD                                       34       1       1       0   .abs_section_34
     _ICSC1                                      38       1       1       0   .abs_section_38
     _ICSC2                                      39       1       1       0   .abs_section_39
     _ICSTRM                                     3A       1       1       0   .abs_section_3a
     _ICSSC                                      3B       1       1       0   .abs_section_3b
     _MTIMSC                                     3C       1       1       3   .abs_section_3c
     _MTIMCLK                                    3D       1       1       1   .abs_section_3d
     _MTIMCNT                                    3E       1       1       0   .abs_section_3e
     _MTIMMOD                                    3F       1       1       1   .abs_section_3f
     _TPMSC                                      40       1       1       0   .abs_section_40
     _TPMCNT                                     41       2       2       0   .abs_section_41
     _TPMMOD                                     43       2       2       0   .abs_section_43
     _TPMC0SC                                    45       1       1       0   .abs_section_45
     _TPMC0V                                     46       2       2       0   .abs_section_46
     _TPMC1SC                                    48       1       1       0   .abs_section_48
     _TPMC1V                                     49       2       2       0   .abs_section_49
     StepValues                                 100       8       8       2   .data       
     Valor_voltaje                              108       1       1       1   .bss        
     calculo_tiempo_us                          109       2       2       1   .bss        
     tiempo_us                                  10B       2       2       1   .bss        
     i                                          10D       1       1       8   .bss        
     cuentatiempolocal                          10E       4       4       3   .bss        
     _SRS                                      1800       1       1       4   .abs_section_1800
     _SBDFR                                    1801       1       1       0   .abs_section_1801
     _SOPT1                                    1802       1       1       0   .abs_section_1802
     _SOPT2                                    1803       1       1       0   .abs_section_1803
     _SDID                                     1806       2       2       0   .abs_section_1806
     _SRTISC                                   1808       1       1       0   .abs_section_1808
     _SPMSC1                                   1809       1       1       0   .abs_section_1809
     _SPMSC2                                   180A       1       1       0   .abs_section_180a
     _SPMSC3                                   180C       1       1       0   .abs_section_180c
     _DBGCA                                    1810       2       2       0   .abs_section_1810
     _DBGCB                                    1812       2       2       0   .abs_section_1812
     _DBGF                                     1814       2       2       0   .abs_section_1814
     _DBGC                                     1816       1       1       0   .abs_section_1816
     _DBGT                                     1817       1       1       0   .abs_section_1817
     _DBGS                                     1818       1       1       0   .abs_section_1818
     _FCDIV                                    1820       1       1       0   .abs_section_1820
     _FOPT                                     1821       1       1       0   .abs_section_1821
     _FCNFG                                    1823       1       1       0   .abs_section_1823
     _FPROT                                    1824       1       1       0   .abs_section_1824
     _FSTAT                                    1825       1       1       0   .abs_section_1825
     _FCMD                                     1826       1       1       0   .abs_section_1826
     _PTAPE                                    1840       1       1       1   .abs_section_1840
     _PTASE                                    1841       1       1       0   .abs_section_1841
     _PTADS                                    1842       1       1       0   .abs_section_1842
     _PTBPE                                    1844       1       1       0   .abs_section_1844
     _PTBSE                                    1845       1       1       0   .abs_section_1845
     _PTBDS                                    1846       1       1       0   .abs_section_1846
     loadByte                                  E000       E      14       5   .init       
     Init                                      E00E      6D     109       1   .init       
     _Startup                                  E07B       9       9       0   .init       
     main                                      E092      23      35       1   .text       
     Motor_Speed                               E0B5      28      40       1   .text       
     Set_Pins_Out                              E0DD       4       4       1   .text       
     forward                                   E0E1      19      25       1   .text       
     reverse                                   E0FA      18      24       1   .text       
     Analog_Read                               E112       E      14       1   .text       
     ADC_Init                                  E120       9       9       1   .text       
     delay_us_MTIM                             E129      2F      47       1   .text       
     _PUSH_ARGS_L                              E158      20      32       1   .text       
     _ENTER_UNARY_L                            E178      29      41       1   .text       
     _ENTER_BINARY_L_RC                        E1A1      19      25       1   .text       
     _IDIVMOD                                  E1BA      69     105       1   .text       
     _LCMP_k_rel_j                             E223      1F      31       1   .text       
     _IDIVU_STAR08                             E242       D      13       1   .text       
     _LDEC                                     E24F      1C      28       1   .text       
     _LCMP_RC                                  E26B       6       6       1   .text       
     _STORE32                                  E271      16      22       1   .text       

*********************************************************************************************
UNUSED-OBJECTS SECTION
---------------------------------------------------------------------------------------------
NOT USED PROCEDURES
rtshc08.o (ansiis.lib):
  _PUSH_ARGS_D _ENTER_UNARY_L64 _ENTER_UNARY_L64_4 _ENTER_BINARY_L 
  _ENTER_BINARY_L_LC _ENTER_BINARY_L64 _ENTER_BINARY_L64_LC 
  _ENTER_BINARY_L64_RC _SPLITSIGN _LADD_k_is_k_plus_j _k_is_k_plus_j_l 
  _k_is_k_plus_j_i _LSUB_k_is_k_minus_j _LAND_k_is_k_and_j _LOR_k_is_k_or_j 
  _LXOR_k_is_k_xor_j _LMUL_k_is_k_mul_j _LDIVMOD _NEG_L_HX _ABS_L_HX 
  _SPLITSIGN_L _LMODU_k_is_k_mod_j _LDIVU_k_is_k_div_j _LMODS_k_is_k_mod_j 
  _LDIVS_k_is_k_div_j _CMP24_k_rel_j _BMULS _BDIVS _BMODS _IMUL_STAR08 
  _IDIVS_STAR08 _IMODS_STAR08 _IMODU_STAR08 _IDIVU_8 _IMODU_8 _IASR _ILSR _ILSL 
  _ICMP _LINC _LNEG _LNOT _LADD _LADD_RC _LSUB _LSUB_LC _LSUB_RC _LAND _LAND_RC 
  _LOR _LOR_RC _LXOR _LXOR_RC _LMUL _LMUL_RC _LDIVS _LDIVS_LC _LDIVS_RC _LDIVU 
  _LDIVU_LC _LDIVU_RC _LMODS _LMODS_LC _LMODS_RC _LMODU _LMODU_LC _LMODU_RC 
  _LASR _LLSR _LLSL _LCMP _PUSH_ARGS_24 _ENTER_BINARY_24_RC _ENTER_BINARY_24 
  _CMP24 _CMP24_RC _COPY _COPY_L _POP32 _POP64 _STORE64 _SEXT8_32 _SEXT16_32 
  _CALL_STAR08 _CALL_STAR08_FAR _Jump_Table_Addr _Jump_Table_Offset 
  _Jump_Table_Header_Addr _Jump_Table_Header_Offset _Search_Table_16_Addr 
  _Search_Table_16_Offset _Search_Table_8_Addr _Search_Table_8_Offset _PUSH_CC 
  _POP_CC _CONV_FAR_TO_NEAR _CONV_FAR_TO_LINEAR _CONV_LINEAR_TO_FAR 
NOT USED VARIABLES
Stepper_Manager_c.obj:
  u8StringVal 
rtshc08.o (ansiis.lib):
  _PowOfTwo_8 _PowOfTwo_16 _PowOfTwo_32 errno 

*********************************************************************************************
COPYDOWN SECTION
---------------------------------------------------------------------------------------------
------- ROM-ADDRESS: 0xE287 ---- SIZE       4 ---
Filling bytes inserted
 00080100
------- ROM-ADDRESS: 0xE28B ---- RAM-ADDRESS: 0x100 ---- SIZE       8 ---
Name of initialized Object : StepValues
 1030206040 C08090
------- ROM-ADDRESS: 0xE293 ---- SIZE       2 ---
Filling bytes inserted
 0000

*********************************************************************************************
OBJECT-DEPENDENCIES SECTION
---------------------------------------------------------------------------------------------
Init                      USES _startupData loadByte 
_Startup                  USES __SEG_END_SSTACK Init main 
main                      USES Set_Pins_Out _PTAPE _PTADD _SRS _PTAD forward 
                                reverse Motor_Speed 
Motor_Speed               USES ADC_Init Analog_Read Valor_voltaje 
                                calculo_tiempo_us _IDIVU_STAR08 tiempo_us delay_us_MTIM 
Set_Pins_Out              USES _PTBDD 
forward                   USES i StepValues _PTBD 
reverse                   USES i StepValues _PTBD 
Analog_Read               USES _ADCSC1 _SRS _ADCR 
ADC_Init                  USES _ADCCFG _ADCSC2 _APCTL1 
delay_us_MTIM             USES cuentatiempolocal _MTIMCLK _MTIMSC _MTIMMOD 
                                _SRS _LDEC _STORE32 _LCMP_RC 
_ENTER_BINARY_L_RC        USES _PUSH_ARGS_L 
_IDIVU_STAR08             USES _IDIVMOD 
_LDEC                     USES _ENTER_UNARY_L 
_LCMP_RC                  USES _ENTER_BINARY_L_RC _LCMP_k_rel_j 

*********************************************************************************************
DEPENDENCY TREE
*********************************************************************************************
 main and _Startup Group
 | 
 +- main                
 |  | 
 |  +- Set_Pins_Out        
 |  |    
 |  +- forward             
 |  |    
 |  +- reverse             
 |  |    
 |  +- Motor_Speed         
 |     | 
 |     +- ADC_Init            
 |     |    
 |     +- Analog_Read         
 |     |    
 |     +- _IDIVU_STAR08       
 |     |  | 
 |     |  +- _IDIVMOD            
 |     |       
 |     +- delay_us_MTIM       
 |        | 
 |        +- _LDEC               
 |        |  | 
 |        |  +- _ENTER_UNARY_L      
 |        |       
 |        +- _STORE32            
 |        |    
 |        +- _LCMP_RC            
 |           | 
 |           +- _ENTER_BINARY_L_RC  
 |           |  | 
 |           |  +- _PUSH_ARGS_L        
 |           |       
 |           +- _LCMP_k_rel_j       
 |                
 +- _Startup            
    | 
    +- Init                
    |  | 
    |  +- loadByte            
    |       
    +- main                 (see above)
       
*********************************************************************************************
STATISTIC SECTION
---------------------------------------------------------------------------------------------

ExeFile:
--------
Number of blocks to be downloaded: 4
Total size of all blocks to be downloaded: 663

